[tngrm.ai/index.html]
[backblue.gif]
[fade.gif]
[index.html]
[framerusercontent.com/images/lxQ1FWSZ7ro3nSfzb5hcPjsOkg.png]
[framerusercontent.com/images/hBJ17C7pmp36tM4sLOGwD5sc8EI.png]
[tngrm.ai/agents.html]
[framerusercontent.com/images/H6E0yKQjEgkFNZFDDA1dJwe1B84b42.png]
[tngrm.ai/contact.html]
[framerusercontent.com/images/PAuhul6kliqT62RnjdWSTSJHh1g0b78.png]
[framerusercontent.com/images/QVCdWTaUphNYvHPGZqYGZuyFq40b78.png]
[framerusercontent.com/images/i15glUK5RfwPRrG4cNTVKUbfCo6b06.png]
[framerusercontent.com/images/VeU0Kgx4k8WQog5QaUpc721vcHI662e.png]
[framerusercontent.com/images/ViZWLp7Z4AnDTuGVzziJrSQNNrE6ddb.png]
[framerusercontent.com/images/97JumCtldwMYbffKI8iwPgB4s196d.png]
[framerusercontent.com/images/2UmEAlXhnt0dmsH1uJtSpV87Y88d16.png]
[framerusercontent.com/images/0H2n2rfuf2lpvLqUo96pwmilmWY8572.png]
[framerusercontent.com/images/x0JPxNkLCobJ3GGWhSDHbhmBbso8d16.png]
[framerusercontent.com/images/VSSrmZFj0GjKKg68rx78MPCCtp48572.png]
[tngrm.ai/solutions.html]
[tngrm.ai/models.html]
[tngrm.ai/index.html]
[tngrm.ai/deployment.html]
[tngrm.ai/agents/transaction-data-onboarding-agent.html]
[framerusercontent.com/images/hSoKj6CsKidT5MGNrMZcEv8BqaE6c6f.jpg]
[tngrm.ai/agents/product-data-onboarding-agent.html]
[framerusercontent.com/images/1HjpTO2lPsMoTwWhWf4cQx7DAiM6c6f.jpg]
[tngrm.ai/agents/merchant-data-onboarding-agent.html]
[tngrm.ai/agents/data-profiling-agent.html]
[tngrm.ai/agents/data-cleansing.html]
[framerusercontent.com/images/VZdcY4wTGpOytVUX7DNS0YcWjJY6c6f.jpg]
[tngrm.ai/agents.html]
[tngrm.ai/agents/data-mapping-agent.html]
[framerusercontent.com/images/E92ynYUL5cl3rK2y3SzKMNZ83g17f5.png]
[tngrm.ai/contact.html]
[tngrm.ai/solutions/marketplace-ai.html]
[framerusercontent.com/images/tlgwGSHY6Q6jC8AMiaCGygCWsE.jpg]
[framerusercontent.com/images/dhCR0n9JlEyMu16QC2nI9Yocg6Y.png]
[tngrm.ai/solutions/offer-management-platform.html]
[framerusercontent.com/images/VQGatiM7g7ldkW8pmGdYnZYnOU.jpg]
[framerusercontent.com/images/AgEqmQeivIqqe5cHty5hwrGVw.png]
[tngrm.ai/solutions/ai-travel.html]
[framerusercontent.com/images/w4nYIMXmsmesOArwNc4LsMKAs8.png]
[tngrm.ai/solutions/cxo-intelligence-suite.html]
[framerusercontent.com/images/pOHdHBra9LpoTrE3Ep0k6KLtz1Y.jpg]
[framerusercontent.com/images/iZNWx0bLRrKf3GoTvrdBbzOrQA.png]
[tngrm.ai/solutions/personal-finance-assistant.html]
[framerusercontent.com/images/ajQp7r0qamL42TFllw7BUjKzoE.png]
[tngrm.ai/solutions/data-studio.html]
[framerusercontent.com/images/CXuYVgLb63AOmbDPc5v8LrrQ3wU.png]
[tngrm.ai/solutions/ai-studio.html]
[framerusercontent.com/images/I0JfBFnN11PqfHbTfnrIuclA1c.png]
[tngrm.ai/solutions.html]
[tngrm.ai/models/card-recommender-model.html]
[framerusercontent.com/images/v1NSwXppXPXy2nREqGalxbmyfjofbce.png]
[tngrm.ai/models/card-churn-prediction-model.html]
[tngrm.ai/models/loan-collection-model.html]
[tngrm.ai/models/loan-propensity-model.html]
[tngrm.ai/models/loan-default-prediction.html]
[tngrm.ai/models/customer-lifetime-value-model.html]
[tngrm.ai/models/revolver-optimization.html]
[tngrm.ai/models/credit-card-default-prediction.html]
[tngrm.ai/models/cross-border-recommendation.html]
[tngrm.ai/models/customer-reactivation-model.html]
[tngrm.ai/models/spend-increase-model.html]
[tngrm.ai/models/neural-content-based-filtering.html]
[tngrm.ai/models/neural-collaborative-filtering.html]
[tngrm.ai/models/hidden-affluents-model.html]
[tngrm.ai/models/travel-insurance-recommendation.html]
[tngrm.ai/models/low-credit-alert.html]
[tngrm.ai/models/next-best-product.html]
[tngrm.ai/models/debit-to-credit-upgrade.html]
[tngrm.ai/models/anomaly-transaction-detection-(unsupervised).html]
[tngrm.ai/models/anomaly-transaction-detection-(supervised).html]
[tngrm.ai/models/one-time-debt-payment-recommendation.html]
[tngrm.ai/models.html]
[tngrm.ai/models/decline-in-activity.html]
[framerusercontent.com/images/wC5Ex1VFQhUYB6GRG9P4aTvTzQ.png]
[framerusercontent.com/images/fyWngklhHyukIjK6d3iBUgilXqo.png]
[framerusercontent.com/images/hqU9XH0r2Ggy3cwxsmpQ0mIWLnI.png]
[framerusercontent.com/images/hQDlw70q2Ffl3LYhct2o8jhjGA.png]
[tngrm.ai/deployment.html]
[tngrm.ai/agents/transaction-data-onboarding-agent.html]
[tngrm.ai/agents/product-data-onboarding-agent.html]
[tngrm.ai/agents/merchant-data-onboarding-agent.html]
[tngrm.ai/agents/data-profiling-agent.html]
[tngrm.ai/agents/data-cleansing.html]
[tngrm.ai/agents/data-mapping-agent.html]
[framerusercontent.com/images/vE4HwsLbIUBPj77T0Xmo7HOH483af.png]
[framerusercontent.com/images/tOBY0rQXejI7nVsbAYTHXTlmbY0b97.png]
[framerusercontent.com/images/pp3aCLoQEkkpCCxBaj8YFs7fI13cd.png]
[framerusercontent.com/images/ir8oxzERzE6eI7RL6zIqvMRIo3ae3.png]
[framerusercontent.com/images/lQscKkQUVWg2bX2FzqqNXpJAXUcd01.png]
[framerusercontent.com/images/Rx9vAxdgtp3kyJm1XPIjlDcSfgUf7e0.png]
[framerusercontent.com/images/06jv10Mfn78Kq2McTNj7Dm12cxMa939.png]
[framerusercontent.com/images/1zskpIeZzqkdlpnDAIcB0AAn6Qfc52.png]
[framerusercontent.com/images/1nz4G0yWIG9zch30YorjQt2fwEe0fa.png]
[tngrm.ai/solutions/marketplace-ai.html]
[framerusercontent.com/images/AgEqmQeivIqqe5cHty5hwrGVw6c6b.png]
[framerusercontent.com/images/y86K8QNQAKAMZ5ouRyO7Kh321M0b97.png]
[tngrm.ai/solutions/offer-management-platform.html]
[framerusercontent.com/images/k4SpSq2meGbfKCySfqaRh2Ybj2A7ee4.jpg]
[framerusercontent.com/images/BTa7EqeEJ3hHxERVVEAIaHlNs0b97.png]
[tngrm.ai/solutions/ai-travel.html]
[framerusercontent.com/images/iZNWx0bLRrKf3GoTvrdBbzOrQA11d5.png]
[framerusercontent.com/images/5F9CggpZBLICCBUajDjuUri8UE0b97.png]
[tngrm.ai/solutions/cxo-intelligence-suite.html]
[framerusercontent.com/images/ehLMphZ97tejmGw91BVIvKzkLs6c6b.png]
[framerusercontent.com/images/HgvGvBJ1NkRgyk2MjVaGaFrs2Ek0b97.png]
[tngrm.ai/solutions/personal-finance-assistant.html]
[framerusercontent.com/images/WHNruLEZp46cIjdcznrSVxvMsqQ6c6b.png]
[framerusercontent.com/images/xlPzieomdbuysOR35njhzfIwaF00b97.png]
[tngrm.ai/solutions/data-studio.html]
[framerusercontent.com/images/60gC3IRgcnJjNweVfF2nYr1uYo6c6b.png]
[framerusercontent.com/images/ZLhuQHty7MNESvh6ivUDCIp307I0b97.png]
[tngrm.ai/solutions/ai-studio.html]
[tngrm.ai/models/card-recommender-model.html]
[tngrm.ai/models/card-churn-prediction-model.html]
[tngrm.ai/models/loan-collection-model.html]
[tngrm.ai/models/loan-propensity-model.html]
[tngrm.ai/models/loan-default-prediction.html]
[tngrm.ai/models/customer-lifetime-value-model.html]
[tngrm.ai/models/revolver-optimization.html]
[tngrm.ai/models/credit-card-default-prediction.html]
[tngrm.ai/models/cross-border-recommendation.html]
[tngrm.ai/models/customer-reactivation-model.html]
[tngrm.ai/models/spend-increase-model.html]
[tngrm.ai/models/neural-content-based-filtering.html]
[tngrm.ai/models/neural-collaborative-filtering.html]
[tngrm.ai/models/hidden-affluents-model.html]
[tngrm.ai/models/travel-insurance-recommendation.html]
[tngrm.ai/models/low-credit-alert.html]
[tngrm.ai/models/next-best-product.html]
[tngrm.ai/models/debit-to-credit-upgrade.html]
[tngrm.ai/models/anomaly-transaction-detection-(unsupervised).html]
[tngrm.ai/models/anomaly-transaction-detection-(supervised).html]
[tngrm.ai/models/one-time-debt-payment-recommendation.html]
[tngrm.ai/models/decline-in-activity.html]
